>// SYNTAX TEST "source.prim" "object with type references"
#^^ source.prim comment.line.double-slash.prim punctuation.definition.comment.prim
#  ^^^^^^^^^^^^^^^^^^^^^^^^^^^^^^^^^^^^^^^^^^^^^^^^^^^^^^^^ source.prim comment.line.double-slash.prim
>
>namespace airplane
#^^^^^^^^^ source.prim keyword.other.namespace.prim
#         ^ source.prim
#          ^^^^^^^^ source.prim entity.name.namespace.prim
>
>object TestObject123 {
#^^^^^^ source.prim keyword.other.object.prim
#      ^ source.prim meta.object.prim
#       ^^^^^^^^^^^^^ source.prim meta.object.prim entity.name.type.prim
#                    ^ source.prim meta.object.prim
#                     ^ source.prim meta.object.prim punctuation.definition.block.prim
>  field1 airplane.TestObject456
#^^ source.prim meta.object.prim meta.field.declaration.prim
#  ^^^^^^ source.prim meta.object.prim meta.field.declaration.prim entity.name.prim
#        ^ source.prim meta.object.prim meta.field.declaration.prim
#         ^^^^^^^^^ source.prim meta.object.prim meta.field.declaration.prim entity.name.type.prim entity.name.namespace.prim
#                  ^^^^^^^^^^^^^ source.prim meta.object.prim meta.field.declaration.prim entity.name.type.prim
>}
#^^ source.prim meta.object.prim meta.field.declaration.prim
>